Example1.swift:
#    4| enter simpleMethod(x:)
#-----|  -> simpleMethod(x:)

#   18| enter complexMethod(value:)
#-----|  -> complexMethod(value:)

#    5| var ... = ...
#-----|  -> if ... then { ... } else { ... }

#   12| var ... = ...
#-----|  -> .next()

#   12| 0
#-----|  -> 3

#   12| 3
#-----|  -> ... ...<(_:_:) ...

#    9| -1
#-----|  ->  ... = ...

#    7| 1
#-----|  ->  ... = ...

#    6| 0
#-----|  -> ... .>(_:_:) ...

#    5| 0
#-----|  -> var ... = ...

#   12| .makeIterator()
#-----|  -> ...<(_:_:)

#   12| ...<(_:_:)
#-----|  -> Int.Type

#   12| .next()
#-----|  -> $i$generator

#   13| .+(_:_:)
#-----|  -> Int.Type

#    6| .>(_:_:)
#-----|  -> Int.Type

#    6| StmtCondition
#-----|  -> .>(_:_:)

#   12| i
#-----|  -> result

#   12| $i$generator
#-----|  -> .makeIterator()

#    5| result
#-----|  -> 0

#   12| for ... in ... { ... }
#-----|  -> i
#-----|  -> exit simpleMethod(x:) (normal)

#   12| $i$generator
#-----|  -> &...

#   13| result
#-----|  -> .+(_:_:)

#   13| i
#-----|  -> ... .+(_:_:) ...

#   13| result
#-----|  -> (Int) ...

#    9| result
#-----|  -> -1

#    7| result
#-----|  -> 1

#    6| x
#-----|  -> 0

#   13|  ... = ...
#-----|  -> .next()

#    9|  ... = ...
#-----|  -> $i$generator

#    7|  ... = ...
#-----|  -> $i$generator

#   12| &...
#-----|  -> call to next()

#   12| Int.Type
#-----|  -> 0

#   13| Int.Type
#-----|  -> result

#    6| Int.Type
#-----|  -> x

#   13| (Int) ...
#-----|  -> i

#   12| call to next()
#-----|  -> for ... in ... { ... }

#   12| call to makeIterator()
#-----|  -> var ... = ...

#    6| if ... then { ... } else { ... }
#-----|  -> StmtCondition

#   12| ... ...<(_:_:) ...
#-----|  -> call to makeIterator()

#   13| ... .+(_:_:) ...
#-----|  ->  ... = ...

#    6| ... .>(_:_:) ...
#-----|  -> result
#-----|  -> result

#    4| x
#-----|  -> result

#    4| simpleMethod(x:)
#-----|  -> x

#   19| var ... = ...
#-----|  -> if ... then { ... }

#   34| 2
#-----|  -> ... .*(_:_:) ...

#   31| 1
#-----|  -> $match

#   32| 1
#-----|  -> return ...

#   29| 0
#-----|  -> $match

#   30| 0
#-----|  -> return ...

#   25| 2
#-----|  -> ... ./(_:_:) ...

#   24| 10
#-----|  -> ... .>(_:_:) ...

#   21| -1
#-----|  -> return ...

#   20| 0
#-----|  -> ... .<(_:_:) ...

#   34| .*(_:_:)
#-----|  -> Int.Type

#   25| ./(_:_:)
#-----|  -> Int.Type

#   24| .>(_:_:)
#-----|  -> Int.Type

#   20| .<(_:_:)
#-----|  -> Int.Type

#   24| StmtCondition
#-----|  -> .>(_:_:)

#   20| StmtCondition
#-----|  -> .<(_:_:)

#   33| _
#-----|  -> _

#   31| =~ ...
#-----|  -> ~=(_:_:)

#   29| =~ ...
#-----|  -> ~=(_:_:)

#   19| val
#-----|  -> value

#   31| =~ ...
#-----|  -> 1
#-----|  -> case ...

#   29| =~ ...
#-----|  -> 0
#-----|  -> case ...

#   34| val
#-----|  -> (Int) ...

#   31| ~=(_:_:)
#-----|  -> 1

#   31| $match
#-----|  -> ... ~=(_:_:) ...

#   29| ~=(_:_:)
#-----|  -> 0

#   29| $match
#-----|  -> ... ~=(_:_:) ...

#   28| val
#-----|  -> (Int) ...

#   25| val
#-----|  -> ./(_:_:)

#   25| val
#-----|  -> (Int) ...

#   24| val
#-----|  -> (Int) ...

#   20| val
#-----|  -> (Int) ...

#   19| value
#-----|  -> var ... = ...

#   28| switch val { ... }
#-----|  -> val

#   34| return ...
#-----|  -> exit complexMethod(value:) (normal)

#   32| return ...
#-----|  -> exit complexMethod(value:) (normal)

#   30| return ...
#-----|  -> exit complexMethod(value:) (normal)

#   21| return ...
#-----|  -> exit complexMethod(value:) (normal)

#   25|  ... = ...
#-----|  -> StmtCondition

#   33| _
#-----|  -> .*(_:_:)

#   24| while ... { ... }
#-----|  -> StmtCondition

#   34| Int.Type
#-----|  -> val

#   25| Int.Type
#-----|  -> val

#   24| Int.Type
#-----|  -> val

#   20| Int.Type
#-----|  -> val

#   28| (Int) ...
#-----|  -> case ...

#   34| (Int) ...
#-----|  -> 2

#   25| (Int) ...
#-----|  -> 2

#   24| (Int) ...
#-----|  -> 10

#   20| (Int) ...
#-----|  -> 0

#   29| case ...
#-----|  -> =~ ...

#   31| case ...
#-----|  -> =~ ...

#   33| case ...
#-----|  -> _

#   20| if ... then { ... }
#-----|  -> StmtCondition

#   34| ... .*(_:_:) ...
#-----|  -> return ...

#   31| ... ~=(_:_:) ...
#-----|  -> =~ ...

#   29| ... ~=(_:_:) ...
#-----|  -> =~ ...

#   25| ... ./(_:_:) ...
#-----|  ->  ... = ...

#   24| ... .>(_:_:) ...
#-----|  -> val
#-----|  -> switch val { ... }

#   20| ... .<(_:_:) ...
#-----|  -> -1
#-----|  -> while ... { ... }

#   18| value
#-----|  -> val

#   18| complexMethod(value:)
#-----|  -> value

#    4| exit simpleMethod(x:) (normal)
#-----|  -> exit simpleMethod(x:)

#   18| exit complexMethod(value:) (normal)
#-----|  -> exit complexMethod(value:)

#    4| exit simpleMethod(x:)

#   18| exit complexMethod(value:)
