Example1.cpp:
#   19| if (...) ... 
#-----|  -> value

#   19| value
#-----|  -> 0

#   19| 0
#-----|  -> ... < ...

#   19| ... < ...
#-----|  -> { ... }
#-----|  -> while (...) ...

#   20| return ...
#-----|  -> 1

#   20| 1
#-----|  -> - ...

#   20| - ...
#-----|  -> complexMethod

#   19| { ... }
#-----|  -> return ...

#   23| while (...) ...
#-----|  -> value

#   23| value
#-----|  -> 10

#   23| 10
#-----|  -> ... > ...

#   23| ... > ...
#-----|  -> { ... }
#-----|  -> switch (...) ... 

#   24| ExprStmt
#-----|  -> value

#   24| value
#-----|  -> ... = ...

#   24| value
#-----|  -> 2

#   24| 2
#-----|  -> ... / ...

#   24| ... / ...
#-----|  -> value

#   24| ... = ...
#-----|  -> value

#   23| { ... }
#-----|  -> ExprStmt

#   27| switch (...) ... 
#-----|  -> value

#   27| value
#-----|  -> { ... }

#   28| case ...:
#-----|  -> return ...

#   28| 0

#   29| return ...
#-----|  -> 0

#   29| 0
#-----|  -> complexMethod

#   30| case ...:
#-----|  -> return ...

#   30| 1

#   31| return ...
#-----|  -> 1

#   31| 1
#-----|  -> complexMethod

#   32| default: 
#-----|  -> return ...

#   33| return ...
#-----|  -> value

#   33| value
#-----|  -> 2

#   33| 2
#-----|  -> ... * ...

#   33| ... * ...
#-----|  -> complexMethod

#   27| { ... }
#-----|  -> case ...:
#-----|  -> case ...:
#-----|  -> default: 

#   18| { ... }
#-----|  -> if (...) ... 

#    5| declaration
#-----|  -> initializer for result

#    5| 0
#-----|  -> if (...) ... 

#    5| initializer for result
#-----|  -> 0

#    6| if (...) ... 
#-----|  -> x

#    6| x
#-----|  -> 0

#    6| 0
#-----|  -> ... > ...

#    6| ... > ...
#-----|  -> { ... }
#-----|  -> { ... }

#    7| ExprStmt
#-----|  -> 1

#    7| result
#-----|  -> ... = ...

#    7| 1
#-----|  -> result

#    7| ... = ...
#-----|  -> for(...;...;...) ...

#    6| { ... }
#-----|  -> ExprStmt

#    9| ExprStmt
#-----|  -> 1

#    9| result
#-----|  -> ... = ...

#    9| 1
#-----|  -> - ...

#    9| - ...
#-----|  -> result

#    9| ... = ...
#-----|  -> for(...;...;...) ...

#    8| { ... }
#-----|  -> ExprStmt

#   12| for(...;...;...) ...
#-----|  -> declaration

#   12| 0
#-----|  -> i

#   12| initializer for i
#-----|  -> 0

#   12| i
#-----|  -> 3

#   12| 3
#-----|  -> ... < ...

#   12| ... < ...
#-----|  -> { ... }
#-----|  -> return ...

#   13| ExprStmt
#-----|  -> result

#   13| result
#-----|  -> ... = ...

#   13| result
#-----|  -> i

#   13| i
#-----|  -> ... + ...

#   13| ... + ...
#-----|  -> result

#   13| ... = ...
#-----|  -> i

#   12| { ... }
#-----|  -> ExprStmt

#   12| declaration
#-----|  -> initializer for i

#   12| i
#-----|  -> ... ++

#   12| ... ++
#-----|  -> i

#   15| return ...
#-----|  -> simpleMethod

#    4| { ... }
#-----|  -> declaration

#-----| operator=

#-----| operator=

#   18| complexMethod

#    4| simpleMethod
