Example1.cs:
#    6| Entry
#-----|  -> args

#   27| Entry
#-----|  -> value

#    4| Entry
#-----|  -> Before call to method <object initializer>

#    6| Normal Exit
#-----|  -> Exit

#   27| Normal Exit
#-----|  -> Exit

#    4| Normal Exit
#-----|  -> Exit

#    6| Exit

#   27| Exit

#    4| Exit

#    4| {...}
#-----|  -> Normal Exit

#    7| {...}
#-----|  -> ... ...;

#    9| ... ...;
#-----|  -> Before Int32 x = ...

#    9| Before Int32 x = ...
#-----|  -> access to local variable x

#    9| access to local variable x
#-----|  -> 5

#    9| 5
#-----|  -> Int32 x = ...

#   11| if (...) ...
#-----|  -> Before ... > ...

#   11| Before ... > ...
#-----|  -> access to local variable x

#   12| {...}
#-----|  -> ...;

#   13| ...;
#-----|  -> Before call to method WriteLine

#   13| Before call to method WriteLine
#-----|  -> "Positive"

#   13| "Positive"
#-----|  -> call to method WriteLine

#   16| {...}
#-----|  -> ...;

#   17| ...;
#-----|  -> Before call to method WriteLine

#   17| Before call to method WriteLine
#-----|  -> "Non-positive"

#   17| "Non-positive"
#-----|  -> call to method WriteLine

#   20| for (...;...;...) ...
#-----|  -> Before Int32 i = ...

#   20| Before Int32 i = ...
#-----|  -> access to local variable i

#   20| access to local variable i
#-----|  -> 0

#   20| 0
#-----|  -> Int32 i = ...

#   20| Before ... < ...
#-----|  -> access to local variable i

#   20| Before ...++
#-----|  -> access to local variable i

#   20| access to local variable i
#-----|  -> ...++

#   21| {...}
#-----|  -> ...;

#   22| ...;
#-----|  -> Before call to method WriteLine

#   22| Before call to method WriteLine
#-----|  -> access to local variable i

#   22| access to local variable i
#-----|  -> call to method WriteLine

#   28| {...}
#-----|  -> if (...) ...

#   29| if (...) ...
#-----|  -> Before ... < ...

#   29| Before ... < ...
#-----|  -> access to parameter value

#   30| {...}
#-----|  -> Before return ...;

#   31| Before return ...;
#-----|  -> Before -...

#   31| Before -...
#-----|  -> 1

#   31| 1
#-----|  -> -...

#   34| while (...) ...
#-----|  -> [LoopHeader] while (...) ...

#   34| Before ... > ...
#-----|  -> access to parameter value

#   35| {...}
#-----|  -> ...;

#   36| ...;
#-----|  -> Before ... = ...

#   36| Before ... = ...
#-----|  -> access to parameter value

#   36| access to parameter value
#-----|  -> Before ... / ...

#   36| Before ... / ...
#-----|  -> access to parameter value

#   39| switch (...) {...}
#-----|  -> access to parameter value

#   39| access to parameter value
#-----|  -> case ...:

#   41| case ...:
#-----|  -> 0

#   41| 0
#-----|  -> After 0 [no-match]
#-----|  -> After 0 [match]

#   42| Before return ...;
#-----|  -> 0

#   42| 0
#-----|  -> return ...;

#   43| case ...:
#-----|  -> 1

#   43| 1
#-----|  -> After 1 [no-match]
#-----|  -> After 1 [match]

#   44| Before return ...;
#-----|  -> 1

#   44| 1
#-----|  -> return ...;

#   45| default:
#-----|  -> After default: [match]

#   46| Before return ...;
#-----|  -> Before ... * ...

#   46| Before ... * ...
#-----|  -> access to parameter value

#    4| Before call to method <object initializer>
#-----|  -> this access

#    4| this access
#-----|  -> call to method <object initializer>

#    4| Before call to constructor Object
#-----|  -> call to constructor Object

#   11| access to local variable x
#-----|  -> 0

#   11| 0
#-----|  -> ... > ...

#   20| access to local variable i
#-----|  -> 3

#   20| 3
#-----|  -> ... < ...

#   29| access to parameter value
#-----|  -> 0

#   29| 0
#-----|  -> ... < ...

#   34| access to parameter value
#-----|  -> 10

#   34| 10
#-----|  -> ... > ...

#   36| access to parameter value
#-----|  -> 2

#   36| 2
#-----|  -> ... / ...

#   46| access to parameter value
#-----|  -> 2

#   46| 2
#-----|  -> ... * ...

#    6| args
#-----|  -> {...}

#   27| value
#-----|  -> {...}

#   11| After ... > ... [false]
#-----|  -> {...}

#   11| After ... > ... [true]
#-----|  -> {...}

#   20| After ... < ... [false]
#-----|  -> After for (...;...;...) ...

#   20| After ... < ... [true]
#-----|  -> {...}

#   29| After ... < ... [false]
#-----|  -> After if (...) ...

#   29| After ... < ... [true]
#-----|  -> {...}

#   34| After ... > ... [false]
#-----|  -> After while (...) ...

#   34| After ... > ... [true]
#-----|  -> {...}

#   41| After case ...: [no-match]
#-----|  -> case ...:

#   41| After case ...: [match]
#-----|  -> Before return ...;

#   41| After 0 [no-match]
#-----|  -> After case ...: [no-match]

#   41| After 0 [match]
#-----|  -> After case ...: [match]

#   43| After case ...: [no-match]
#-----|  -> default:

#   43| After case ...: [match]
#-----|  -> Before return ...;

#   43| After 1 [no-match]
#-----|  -> After case ...: [no-match]

#   43| After 1 [match]
#-----|  -> After case ...: [match]

#   45| After default: [match]
#-----|  -> Before return ...;

#    7| After {...}
#-----|  -> Normal Exit

#    9| After ... ...;
#-----|  -> if (...) ...

#    9| After Int32 x = ...
#-----|  -> After ... ...;

#   11| After if (...) ...
#-----|  -> for (...;...;...) ...

#   12| After {...}
#-----|  -> After if (...) ...

#   13| After ...;
#-----|  -> After {...}

#   13| After call to method WriteLine
#-----|  -> After ...;

#   16| After {...}
#-----|  -> After if (...) ...

#   17| After ...;
#-----|  -> After {...}

#   17| After call to method WriteLine
#-----|  -> After ...;

#   20| After for (...;...;...) ...
#-----|  -> After {...}

#   20| After Int32 i = ...
#-----|  -> Before ... < ...

#   20| After ...++
#-----|  -> Before ... < ...

#   21| After {...}
#-----|  -> [LoopHeader] for (...;...;...) ...

#   22| After ...;
#-----|  -> After {...}

#   22| After call to method WriteLine
#-----|  -> After ...;

#   29| After if (...) ...
#-----|  -> while (...) ...

#   31| After -...
#-----|  -> return ...;

#   34| After while (...) ...
#-----|  -> switch (...) {...}

#   35| After {...}
#-----|  -> [LoopHeader] while (...) ...

#   36| After ...;
#-----|  -> After {...}

#   36| After ... = ...
#-----|  -> After ...;

#   36| After ... / ...
#-----|  -> ... = ...

#   46| After ... * ...
#-----|  -> return ...;

#    4| After call to method <object initializer>
#-----|  -> Before call to constructor Object

#    4| After call to constructor Object
#-----|  -> {...}

#   20| [LoopHeader] for (...;...;...) ...
#-----|  -> Before ...++

#   34| [LoopHeader] while (...) ...
#-----|  -> Before ... > ...

#    9| Int32 x = ...
#-----|  -> After Int32 x = ...

#   11| ... > ...
#-----|  -> After ... > ... [false]
#-----|  -> After ... > ... [true]

#   13| call to method WriteLine
#-----|  -> After call to method WriteLine

#   17| call to method WriteLine
#-----|  -> After call to method WriteLine

#   20| Int32 i = ...
#-----|  -> After Int32 i = ...

#   20| ... < ...
#-----|  -> After ... < ... [false]
#-----|  -> After ... < ... [true]

#   20| ...++
#-----|  -> After ...++

#   22| call to method WriteLine
#-----|  -> After call to method WriteLine

#   29| ... < ...
#-----|  -> After ... < ... [false]
#-----|  -> After ... < ... [true]

#   31| return ...;
#-----|  -> Normal Exit

#   31| -...
#-----|  -> After -...

#   34| ... > ...
#-----|  -> After ... > ... [false]
#-----|  -> After ... > ... [true]

#   36| ... = ...
#-----|  -> After ... = ...

#   36| ... / ...
#-----|  -> After ... / ...

#   42| return ...;
#-----|  -> Normal Exit

#   44| return ...;
#-----|  -> Normal Exit

#   46| return ...;
#-----|  -> Normal Exit

#   46| ... * ...
#-----|  -> After ... * ...

#    4| call to method <object initializer>
#-----|  -> After call to method <object initializer>

#    4| call to constructor Object
#-----|  -> After call to constructor Object
